Checking formatting...
All matched files use Prettier code style!
✔ case artifacts generate an attributed report with meaningful zero outcomes and no field mapping (4.491792ms)
✔ retry totals are recomputed from judgments and disagreements or unavailable evidence are disclosed (0.18125ms)
✔ normal files do not accidentally match the case adapter (0.069667ms)
✔ field recommendations remove metadata and constants but preserve measured zeros and usable grouping (1.02325ms)
✔ JSONL preserves physical line locations and rejects malformed rows atomically (41.483209ms)
✔ wrapped collections and escaped keys retain exact access without inherited fields (0.325541ms)
✔ numbers and dates are deliberately strict (2.18975ms)
✔ evaluation rates use explicit threshold and exclude missing scores (1.331084ms)
✔ group stats disclose coverage and dates sort chronologically with daily aggregation (0.457084ms)
✔ IQR observations point to source records and do not label anomalies errors (0.547458ms)
✔ Eval Studio keeps GT separate and never reads masked evaluations (0.559833ms)
✔ single compress object preserves record context; invalid coordinates are rejected (0.163ms)
✔ local server excludes secrets and backend files from static serving (63.115208ms)
✔ unconfigured server never calls provider (11.70275ms)
✔ server rejects foreign origins and strips undeclared data before provider call (16.3825ms)
✔ local rate limit bounds paid provider requests (31.84625ms)
✔ AI DTO sends only the selected title and body (2.415792ms)
✔ empty and oversized AI inputs fail before a request (0.179292ms)
✔ bounded responses validate and sufficiently clear decisions remain suggestions (1.416125ms)
✔ incorrect types, probabilities, labels and missing responses are rejected (0.460334ms)
✔ the adapter uses only the official endpoint and server-side authorization (28.063958ms)
✔ rate limits, invalid output, connection errors and missing credentials fail without fake results (2.13825ms)
✔ automatic capture uses one real measure, preserving zero and explicit dates (38.676417ms)
✔ multiple measures, numeric strings and multiple collections require review (1.806292ms)
✔ text captures use source titles without inventing scores (1.095833ms)
✔ parse notices force review rather than silently using a partial dataset (0.147417ms)
✔ email draft safely encodes Unicode and reserved characters without injecting recipients (1.219208ms)
✔ native capability checks do not assume HTML file support (0.35325ms)
✔ native handoff distinguishes cancellation, failure and completion (2.079958ms)
✔ async flush drains edits made while a write is in flight (14.901167ms)
✔ async write failure is reported and can be retried without losing edits (0.876375ms)
✔ failed persistence remains dirty until a successful retry (0.188417ms)
✔ unreadable data stays protected while session work can be backed up (0.352375ms)
✔ backup round trip preserves assets and relationships without replacing existing reports (1.243ms)
✔ invalid restore is atomic and rejects executable attributes and dangling references (0.498208ms)
✔ duplicate identifiers and unsupported backup versions are rejected (0.112625ms)
✔ another tab cannot be silently overwritten (0.154125ms)
✔ storage budget fails visibly and preserves the last saved library (6.199334ms)
✔ single-card exports omit unrelated report content and escape malicious values (0.733584ms)
✔ whitespace descriptions and missing assets cannot pass content checks (0.555125ms)
✔ paragraph splitting preserves wording and is explicitly optional (0.224458ms)
✔ malformed CSV quoting and ambiguous columns cannot silently change metrics (1.570917ms)
✔ record presentation promotes content while retaining nested and technical source data (2.289459ms)
✔ technical-only records request review instead of inventing a summary (1.659208ms)
✔ body typography preserves literal markup and formats only explicit lists and takeaways (13.836791ms)
✔ only explicit section labels organize notes and originals remain intact (13.054542ms)
✔ legacy cards gain display sections without requiring a destructive migration (0.432958ms)
✔ display deduplication never mutates source text or removes distinct detail (0.139417ms)
✔ email preview and export reuse the same escaped card content and section order (0.65ms)
✔ retrospective preserves content, escapes action cells and retains rich action cards (4.644833ms)
✔ legacy reports stay valid, while unknown templates are rejected (0.13725ms)
✔ metrics use deterministic arithmetic and reject invalid denominators (0.585792ms)
✔ pre-share checks catch missing ownership, deadlines and image alternatives (0.506792ms)
✔ exports escape user content and preserve owners, metric data, and descriptions (1.90775ms)
✔ blank metrics are invalid while zero is a valid numerator (0.12425ms)
✔ leadership lens prioritizes decisions without dropping or mutating content (0.574584ms)
✔ CSV handles BOM, CRLF, escaped quotes and multiline titles (0.296791ms)
✔ CSV errors identify invalid inputs before any cards are committed (0.4415ms)
✔ card validation gives actionable errors (1.013375ms)
✔ malformed saved drafts are rejected before rendering (0.368708ms)
✔ exports group progress and decisions while preserving owners and deadlines (0.300166ms)
✔ primary, secondary, links and warning text meet 4.5:1 in both palettes (1.351542ms)
✔ appending material preserves edited cards, people and report identity (0.235667ms)
✔ duplicate source content is skipped within the report and batch (0.101042ms)
✔ the same source can be used independently in a new report (0.053166ms)
✔ risk review finds bilingual evidence without inventing metric semantics (6.8685ms)
✔ resolved and negated signals are suppressed while contrasting unresolved clauses remain (0.242541ms)
✔ past dates flag a completion check only for actionable sections, never assert overdue work (0.325875ms)
✔ generated risk cards do not feed back into detection and duplicates are identified (0.096833ms)
✔ paired transitions close on common mapped scores; other/missing are excluded (14.165667ms)
✔ duplicate pair keys and ambiguous mappings fail rather than averaging (0.50625ms)
✔ compress pair key is stable across candidate order changes and excludes masked turns (0.339375ms)
✔ visual DTOs survive report validation and HTML/text export with escaped content (3.642083ms)
✔ unsafe visual data and links cannot enter restored reports (0.124958ms)
✔ changing sections preserves visuals and ownership while updating text action semantics (0.181834ms)
✔ calendar drafts escape injection, fold UTF-8 lines, preserve UTC and never send invites (1.6925ms)
ℹ tests 76
ℹ suites 0
ℹ pass 76
ℹ fail 0
ℹ cancelled 0
ℹ skipped 0
ℹ todo 0
ℹ duration_ms 243.421916
